// Jest Snapshot v1, https://goo.gl/fbAQLP

exports[`Pruebas en <FirstApp/> Debe Hacer match con el Snapshot 1`] = `
<div>
  <h1
    data-testid="test-title"
  >
    I am title
  </h1>
  <p>
    no hay subtitulo
  </p>
  <p>
    no hay subtitulo
  </p>
  <p>
    Priscilla Rojas
  </p>
</div>
`;
